// Jest Snapshot v1, https://goo.gl/fbAQLP

exports[`matches snapshot 1`] = `
<DocumentFragment>
  <div
    class="result"
  >
    <h4>
       Bitcoin 
    </h4>
    <p>
      <b>
        Price:
      </b>
       
      <u>
        36,002.15 USD
      </u>
    </p>
    <p>
      <b>
        Market Cap:
      </b>
       
      <u>
        674,244,839,244.10 USD
      </u>
    </p>
    <p>
      <b>
        1 Hour Price Change:
      </b>
       
      <u>
        -0.337%
      </u>
    </p>
    <p>
      <b>
        24 Hour Price Change:
      </b>
       
      <u>
        -4.196%
      </u>
    </p>
    <p>
      <b>
        7 Day Price Change:
      </b>
       
      <u>
        3.433%
      </u>
    </p>
    <p>
      <b>
        30 Day Price Change:
      </b>
       
      <u>
        -35.187%
      </u>
    </p>
    <p>
      <b>
        Volume:
      </b>
       
      <u>
        35,849,607,046.41 USD
      </u>
    </p>
    <h6>
      06-06-2021 11:26 PM
    </h6>
    <button
      class="btn btn-sm btn-primary"
    >
      Add to Watchlist
    </button>
  </div>
</DocumentFragment>
`;
