// Jest Snapshot v1, https://goo.gl/fbAQLP

exports[`matches snapshot 1`] = `
<DocumentFragment>
  <div
    class="list"
  >
    <h3>
      Cryptocurrency Watchlist:
    </h3>
    <br />
    <form
      class="container"
    >
      <select
        class="form-control"
        name="sortBy"
      >
        <option
          value="name"
        >
          Alphabetical
        </option>
        <option
          value="price"
        >
          Price
        </option>
        <option
          value="market_cap"
        >
          Market Cap
        </option>
        <option
          value="volume"
        >
          Volume
        </option>
        <option
          value="date"
        >
          Date
        </option>
      </select>
      <br />
      <select
        class="form-control"
        name="orderBy"
      >
        <option
          value="ASC"
        >
          Ascending
        </option>
        <option
          value="DESC"
        >
          Descending
        </option>
      </select>
      <br />
      <button
        class="btn btn-md btn-primary"
      >
        Sort
      </button>
    </form>
    <br />
    <hr />
    <div
      class="info"
    >
      <div>
        <h5>
          Bitcoin
        </h5>
        <b>
          Price:
        </b>
         
        <u>
          37287.18 USD
        </u>
        <br />
        <b>
          Market Cap:
        </b>
         
        <u>
          698208752460.92 USD
        </u>
        <br />
        <b>
          Volume:
        </b>
         
        <u>
          32850986431.73 USD
        </u>
        <br />
         
        <br />
        <i>
          Information Accurate As Of: 2021-06-03
        </i>
        <br />
         
        <br />
        <hr />
      </div>
      <div>
        <h5>
          Cardano
        </h5>
        <b>
          Price:
        </b>
         
        <u>
          1.7373 USD
        </u>
        <br />
        <b>
          Market Cap:
        </b>
         
        <u>
          55504648942.88 USD
        </u>
        <br />
        <b>
          Volume:
        </b>
         
        <u>
          3305794201.01 USD
        </u>
        <br />
         
        <br />
        <i>
          Information Accurate As Of: 2021-06-03
        </i>
        <br />
         
        <br />
        <hr />
      </div>
    </div>
  </div>
</DocumentFragment>
`;
