// Jest Snapshot v1, https://goo.gl/fbAQLP

exports[`matches snapshot 1`] = `
<DocumentFragment>
  <div
    class="pt-5"
  >
    <div
      class="homepage"
    >
      <div
        class="container text-center"
      >
        <h1
          class="mb-3 font-weight-bold logo"
        >
          Cryptic
        </h1>
        <div>
          <form>
            <input
              class="form-control form-control-lg flex-grow-1"
              name="cryptoname"
              placeholder="Please Enter A Cryptocurrency Name (Ex: Ethereum)"
              required=""
              value=""
            />
            <br />
            <select
              class="form-control form-control-sm flex-grow-1"
              name="convertname"
            >
              <option
                value="USD"
              >
                USD ($)
              </option>
              <option
                value="EUR"
              >
                EUR (€)
              </option>
              <option
                value="JPY"
              >
                JPY (¥)
              </option>
              <option
                value="GPY"
              >
                GBP (£)
              </option>
              <option
                value="AUD"
              >
                AUD (A$)
              </option>
              <option
                value="CAD"
              >
                CAD (C$)
              </option>
              <option
                value="CHF"
              >
                CHF (Fr)
              </option>
              <option
                value="CNY"
              >
                CNY (¥)
              </option>
              <option
                value="HKD"
              >
                HKD (HK$)
              </option>
              <option
                value="NZD"
              >
                NZD (NZ$)
              </option>
              <option
                value="SEK"
              >
                SEK (Kr)
              </option>
              <option
                value="KRW"
              >
                KRW (₩)
              </option>
              <option
                value="SGD"
              >
                SGD (S$)
              </option>
              <option
                value="NOK"
              >
                NOK (Kr)
              </option>
              <option
                value="MXN"
              >
                MXN ($)
              </option>
              <option
                value="INR"
              >
                INR (₹)
              </option>
              <option
                value="RUB"
              >
                RUB (₽)
              </option>
              <option
                value="ZAR"
              >
                ZAR (R)
              </option>
              <option
                value="TRY"
              >
                TRY (₺)
              </option>
              <option
                value="BRL"
              >
                BRL (R$)
              </option>
            </select>
          </form>
        </div>
      </div>
    </div>
  </div>
</DocumentFragment>
`;
